I20251130 09:06:43.350401  1005 AdminTaskManager.cpp:315] subtask of task(5, 0) finished, unfinished task 3
I20251130 09:06:43.350353  1004 StatsTask.cpp:307] Stats task finished
I20251130 09:06:43.350436  1004 AdminTaskManager.cpp:315] subtask of task(5, 0) finished, unfinished task 2
I20251130 09:06:43.350477  1008 StatsTask.cpp:307] Stats task finished
I20251130 09:06:43.350502  1008 AdminTaskManager.cpp:315] subtask of task(5, 0) finished, unfinished task 1
I20251130 09:06:43.350538  1006 StatsTask.cpp:307] Stats task finished
I20251130 09:06:43.350548  1006 AdminTaskManager.cpp:315] subtask of task(5, 0) finished, unfinished task 0
I20251130 09:06:43.350564  1006 StatsTask.cpp:312] task(5, 0) finished, rc=[SUCCEEDED]
I20251130 09:06:43.350689   785 AdminTaskManager.cpp:92] reportTaskFinish(), job=5, task=0, task_rc=SUCCEEDED
I20251130 09:06:43.351960   785 AdminTaskManager.cpp:134] reportTaskFinish(), job=5, task=0, report_rc=SUCCEEDED
I20251130 09:06:43.360677   999 AdminTaskManager.cpp:326] task(5, 0) runSubTask() exit
I20251130 09:06:43.360746  1008 AdminTaskManager.cpp:326] task(5, 0) runSubTask() exit
I20251130 09:06:43.360730  1005 AdminTaskManager.cpp:326] task(5, 0) runSubTask() exit
I20251130 09:06:43.360724  1002 AdminTaskManager.cpp:326] task(5, 0) runSubTask() exit
I20251130 09:06:43.360817  1004 AdminTaskManager.cpp:326] task(5, 0) runSubTask() exit
I20251130 09:06:43.360831  1001 AdminTaskManager.cpp:326] task(5, 0) runSubTask() exit
I20251130 09:06:43.360885  1007 AdminTaskManager.cpp:326] task(5, 0) runSubTask() exit
I20251130 09:06:43.360899  1000 AdminTaskManager.cpp:326] task(5, 0) runSubTask() exit
I20251130 09:06:43.360903  1003 AdminTaskManager.cpp:326] task(5, 0) runSubTask() exit
I20251130 09:07:18.543402    41 AdminTask.cpp:21] createAdminTask (6, 0)
I20251130 09:07:18.543514    41 AdminTaskManager.cpp:155] enqueue task(6, 0)
I20251130 09:07:18.543526   784 AdminTaskManager.cpp:236] dequeue task(6, 0)
I20251130 09:07:18.543573   784 AdminTaskManager.cpp:279] run task(6, 0), 10 subtasks in 10 thread
I20251130 09:07:18.543618   999 StatsTask.cpp:110] Start stats task
I20251130 09:07:18.543635  1000 StatsTask.cpp:110] Start stats task
I20251130 09:07:18.543684  1001 StatsTask.cpp:110] Start stats task
I20251130 09:07:18.543716  1003 StatsTask.cpp:110] Start stats task
I20251130 09:07:18.543757  1007 StatsTask.cpp:110] Start stats task
I20251130 09:07:18.543702  1002 StatsTask.cpp:110] Start stats task
I20251130 09:07:18.543725  1006 StatsTask.cpp:110] Start stats task
I20251130 09:07:18.543728   784 AdminTaskManager.cpp:224] waiting for incoming task
I20251130 09:07:18.543955  1000 StatsTask.cpp:307] Stats task finished
I20251130 09:07:18.543730  1005 StatsTask.cpp:110] Start stats task
I20251130 09:07:18.544015  1007 StatsTask.cpp:307] Stats task finished
I20251130 09:07:18.543723   999 StatsTask.cpp:307] Stats task finished
I20251130 09:07:18.544075  1007 AdminTaskManager.cpp:315] subtask of task(6, 0) finished, unfinished task 8
I20251130 09:07:18.543922  1002 StatsTask.cpp:307] Stats task finished
I20251130 09:07:18.544113   999 AdminTaskManager.cpp:315] subtask of task(6, 0) finished, unfinished task 7
I20251130 09:07:18.543984  1000 AdminTaskManager.cpp:315] subtask of task(6, 0) finished, unfinished task 9
I20251130 09:07:18.543699  1004 StatsTask.cpp:110] Start stats task
I20251130 09:07:18.543759  1008 StatsTask.cpp:110] Start stats task
I20251130 09:07:18.544023  1001 StatsTask.cpp:307] Stats task finished
I20251130 09:07:18.544065  1003 StatsTask.cpp:307] Stats task finished
I20251130 09:07:18.544075  1006 StatsTask.cpp:307] Stats task finished
I20251130 09:07:18.544201  1003 AdminTaskManager.cpp:315] subtask of task(6, 0) finished, unfinished task 4
I20251130 09:07:18.544122  1002 AdminTaskManager.cpp:315] subtask of task(6, 0) finished, unfinished task 6
I20251130 09:07:18.544097  1005 StatsTask.cpp:307] Stats task finished
I20251130 09:07:18.544234  1004 StatsTask.cpp:307] Stats task finished
I20251130 09:07:18.544189  1001 AdminTaskManager.cpp:315] subtask of task(6, 0) finished, unfinished task 5
I20251130 09:07:18.544243  1004 AdminTaskManager.cpp:315] subtask of task(6, 0) finished, unfinished task 2
I20251130 09:07:18.544277  1008 StatsTask.cpp:307] Stats task finished
I20251130 09:07:18.544284  1008 AdminTaskManager.cpp:315] subtask of task(6, 0) finished, unfinished task 1
I20251130 09:07:18.544212  1006 AdminTaskManager.cpp:315] subtask of task(6, 0) finished, unfinished task 3
I20251130 09:07:18.544293  1005 AdminTaskManager.cpp:315] subtask of task(6, 0) finished, unfinished task 0
I20251130 09:07:18.544312  1005 StatsTask.cpp:312] task(6, 0) finished, rc=[SUCCEEDED]
I20251130 09:07:18.544504   785 AdminTaskManager.cpp:92] reportTaskFinish(), job=6, task=0, task_rc=SUCCEEDED
I20251130 09:07:18.546577   785 AdminTaskManager.cpp:134] reportTaskFinish(), job=6, task=0, report_rc=SUCCEEDED
I20251130 09:07:18.554344   999 AdminTaskManager.cpp:326] task(6, 0) runSubTask() exit
I20251130 09:07:18.554441  1006 AdminTaskManager.cpp:326] task(6, 0) runSubTask() exit
I20251130 09:07:18.554461  1007 AdminTaskManager.cpp:326] task(6, 0) runSubTask() exit
I20251130 09:07:18.554440  1000 AdminTaskManager.cpp:326] task(6, 0) runSubTask() exit
I20251130 09:07:18.554551  1002 AdminTaskManager.cpp:326] task(6, 0) runSubTask() exit
I20251130 09:07:18.554553  1003 AdminTaskManager.cpp:326] task(6, 0) runSubTask() exit
I20251130 09:07:18.554579  1008 AdminTaskManager.cpp:326] task(6, 0) runSubTask() exit
I20251130 09:07:18.554441  1001 AdminTaskManager.cpp:326] task(6, 0) runSubTask() exit
I20251130 09:07:18.554462  1004 AdminTaskManager.cpp:326] task(6, 0) runSubTask() exit
